[2026-07-19T16:59:04.305+0000] {manager.py:469} INFO - Processing files using up to 2 processes at a time 
[2026-07-19T16:59:04.308+0000] {manager.py:470} INFO - Process each file at most once every 30 seconds
[2026-07-19T16:59:04.309+0000] {manager.py:471} INFO - Checking for new files in /opt/airflow/dags every 300 seconds
[2026-07-19T16:59:04.310+0000] {manager.py:738} INFO - Searching for files in /opt/airflow/dags
[2026-07-19T16:59:04.325+0000] {manager.py:741} INFO - There are 0 files in /opt/airflow/dags
[2026-07-19T17:04:04.971+0000] {manager.py:738} INFO - Searching for files in /opt/airflow/dags
[2026-07-19T17:04:05.178+0000] {manager.py:741} INFO - There are 0 files in /opt/airflow/dags
[2026-07-19T17:09:05.182+0000] {manager.py:738} INFO - Searching for files in /opt/airflow/dags
[2026-07-19T17:09:05.307+0000] {manager.py:741} INFO - There are 0 files in /opt/airflow/dags
[2026-07-19T17:14:05.439+0000] {manager.py:738} INFO - Searching for files in /opt/airflow/dags
[2026-07-19T17:14:05.492+0000] {manager.py:741} INFO - There are 0 files in /opt/airflow/dags
[2026-07-19T17:28:35.679+0000] {manager.py:469} INFO - Processing files using up to 2 processes at a time 
[2026-07-19T17:28:35.680+0000] {manager.py:470} INFO - Process each file at most once every 30 seconds
[2026-07-19T17:28:35.681+0000] {manager.py:471} INFO - Checking for new files in /opt/airflow/dags every 300 seconds
[2026-07-19T17:28:35.683+0000] {manager.py:738} INFO - Searching for files in /opt/airflow/dags
[2026-07-19T17:28:35.701+0000] {manager.py:741} INFO - There are 0 files in /opt/airflow/dags
[2026-07-19T17:33:35.785+0000] {manager.py:738} INFO - Searching for files in /opt/airflow/dags
[2026-07-19T17:33:35.910+0000] {manager.py:741} INFO - There are 0 files in /opt/airflow/dags
[2026-07-19T17:38:36.129+0000] {manager.py:738} INFO - Searching for files in /opt/airflow/dags
[2026-07-19T17:38:36.169+0000] {manager.py:741} INFO - There are 0 files in /opt/airflow/dags
[2026-07-19T17:43:36.362+0000] {manager.py:738} INFO - Searching for files in /opt/airflow/dags
[2026-07-19T17:43:36.422+0000] {manager.py:741} INFO - There are 0 files in /opt/airflow/dags
[2026-07-19T17:48:36.829+0000] {manager.py:738} INFO - Searching for files in /opt/airflow/dags
[2026-07-19T17:48:36.853+0000] {manager.py:741} INFO - There are 0 files in /opt/airflow/dags
[2026-07-19T17:53:37.068+0000] {manager.py:738} INFO - Searching for files in /opt/airflow/dags
[2026-07-19T17:53:37.080+0000] {manager.py:741} INFO - There are 0 files in /opt/airflow/dags
[2026-07-19T18:06:53.767+0000] {manager.py:738} INFO - Searching for files in /opt/airflow/dags
[2026-07-19T18:06:53.813+0000] {manager.py:741} INFO - There are 0 files in /opt/airflow/dags
[2026-07-19T18:59:49.627+0000] {manager.py:738} INFO - Searching for files in /opt/airflow/dags
[2026-07-19T18:59:49.694+0000] {manager.py:741} INFO - There are 0 files in /opt/airflow/dags
[2026-07-19T19:04:50.036+0000] {manager.py:738} INFO - Searching for files in /opt/airflow/dags
[2026-07-19T19:04:50.185+0000] {manager.py:741} INFO - There are 0 files in /opt/airflow/dags
[2026-07-19T19:09:50.888+0000] {manager.py:738} INFO - Searching for files in /opt/airflow/dags
[2026-07-19T19:09:50.936+0000] {manager.py:741} INFO - There are 0 files in /opt/airflow/dags
[2026-07-19T19:14:51.802+0000] {manager.py:738} INFO - Searching for files in /opt/airflow/dags
[2026-07-19T19:14:51.855+0000] {manager.py:741} INFO - There are 0 files in /opt/airflow/dags
[2026-07-19T19:19:52.802+0000] {manager.py:738} INFO - Searching for files in /opt/airflow/dags
[2026-07-19T19:19:52.843+0000] {manager.py:741} INFO - There are 0 files in /opt/airflow/dags
[2026-07-19T19:24:52.815+0000] {manager.py:738} INFO - Searching for files in /opt/airflow/dags
[2026-07-19T19:24:52.881+0000] {manager.py:741} INFO - There are 0 files in /opt/airflow/dags
[2026-07-19T19:29:53.188+0000] {manager.py:738} INFO - Searching for files in /opt/airflow/dags
[2026-07-19T19:29:53.228+0000] {manager.py:741} INFO - There are 0 files in /opt/airflow/dags
[2026-07-19T19:34:54.011+0000] {manager.py:738} INFO - Searching for files in /opt/airflow/dags
[2026-07-19T19:34:54.036+0000] {manager.py:741} INFO - There are 0 files in /opt/airflow/dags
[2026-07-19T19:39:54.061+0000] {manager.py:738} INFO - Searching for files in /opt/airflow/dags
[2026-07-19T19:39:54.108+0000] {manager.py:741} INFO - There are 0 files in /opt/airflow/dags
[2026-07-19T19:44:54.423+0000] {manager.py:738} INFO - Searching for files in /opt/airflow/dags
[2026-07-19T19:44:54.491+0000] {manager.py:741} INFO - There are 0 files in /opt/airflow/dags
[2026-07-19T19:49:55.090+0000] {manager.py:738} INFO - Searching for files in /opt/airflow/dags
[2026-07-19T19:49:55.162+0000] {manager.py:741} INFO - There are 0 files in /opt/airflow/dags
[2026-07-19T19:54:55.873+0000] {manager.py:738} INFO - Searching for files in /opt/airflow/dags
[2026-07-19T19:54:55.960+0000] {manager.py:741} INFO - There are 0 files in /opt/airflow/dags
[2026-07-19T19:59:55.930+0000] {manager.py:738} INFO - Searching for files in /opt/airflow/dags
[2026-07-19T19:59:56.017+0000] {manager.py:741} INFO - There are 0 files in /opt/airflow/dags
[2026-07-19T20:04:56.903+0000] {manager.py:738} INFO - Searching for files in /opt/airflow/dags
[2026-07-19T20:04:56.976+0000] {manager.py:741} INFO - There are 0 files in /opt/airflow/dags
[2026-07-19T20:09:57.773+0000] {manager.py:738} INFO - Searching for files in /opt/airflow/dags
[2026-07-19T20:09:57.840+0000] {manager.py:741} INFO - There are 0 files in /opt/airflow/dags
[2026-07-19T20:14:58.222+0000] {manager.py:738} INFO - Searching for files in /opt/airflow/dags
[2026-07-19T20:14:58.245+0000] {manager.py:741} INFO - There are 0 files in /opt/airflow/dags
[2026-07-19T20:19:58.461+0000] {manager.py:738} INFO - Searching for files in /opt/airflow/dags
[2026-07-19T20:19:58.490+0000] {manager.py:741} INFO - There are 0 files in /opt/airflow/dags
[2026-07-19T20:24:58.728+0000] {manager.py:738} INFO - Searching for files in /opt/airflow/dags
[2026-07-19T20:24:58.758+0000] {manager.py:741} INFO - There are 0 files in /opt/airflow/dags
[2026-07-19T20:29:59.189+0000] {manager.py:738} INFO - Searching for files in /opt/airflow/dags
[2026-07-19T20:29:59.239+0000] {manager.py:741} INFO - There are 0 files in /opt/airflow/dags
[2026-07-19T20:34:59.881+0000] {manager.py:738} INFO - Searching for files in /opt/airflow/dags
[2026-07-19T20:34:59.953+0000] {manager.py:741} INFO - There are 0 files in /opt/airflow/dags
[2026-07-19T20:40:00.349+0000] {manager.py:738} INFO - Searching for files in /opt/airflow/dags
[2026-07-19T20:40:00.389+0000] {manager.py:741} INFO - There are 0 files in /opt/airflow/dags
[2026-07-19T20:45:00.890+0000] {manager.py:738} INFO - Searching for files in /opt/airflow/dags
[2026-07-19T20:45:00.925+0000] {manager.py:741} INFO - There are 0 files in /opt/airflow/dags
[2026-07-19T20:50:00.918+0000] {manager.py:738} INFO - Searching for files in /opt/airflow/dags
[2026-07-19T20:50:01.537+0000] {manager.py:741} INFO - There are 0 files in /opt/airflow/dags
[2026-07-19T20:55:01.181+0000] {manager.py:738} INFO - Searching for files in /opt/airflow/dags
[2026-07-19T20:55:01.214+0000] {manager.py:741} INFO - There are 0 files in /opt/airflow/dags
[2026-07-19T21:00:01.558+0000] {manager.py:738} INFO - Searching for files in /opt/airflow/dags
[2026-07-19T21:00:01.585+0000] {manager.py:741} INFO - There are 0 files in /opt/airflow/dags
[2026-07-19T21:05:01.897+0000] {manager.py:738} INFO - Searching for files in /opt/airflow/dags
[2026-07-19T21:05:01.927+0000] {manager.py:741} INFO - There are 0 files in /opt/airflow/dags
[2026-07-19T21:10:02.336+0000] {manager.py:738} INFO - Searching for files in /opt/airflow/dags
[2026-07-19T21:10:02.358+0000] {manager.py:741} INFO - There are 0 files in /opt/airflow/dags
[2026-07-19T21:15:02.639+0000] {manager.py:738} INFO - Searching for files in /opt/airflow/dags
[2026-07-19T21:15:02.665+0000] {manager.py:741} INFO - There are 0 files in /opt/airflow/dags
[2026-07-19T21:20:03.483+0000] {manager.py:738} INFO - Searching for files in /opt/airflow/dags
[2026-07-19T21:20:03.520+0000] {manager.py:741} INFO - There are 0 files in /opt/airflow/dags
[2026-07-19T21:25:03.549+0000] {manager.py:738} INFO - Searching for files in /opt/airflow/dags
[2026-07-19T21:25:03.617+0000] {manager.py:741} INFO - There are 0 files in /opt/airflow/dags
[2026-07-19T21:30:03.766+0000] {manager.py:738} INFO - Searching for files in /opt/airflow/dags
[2026-07-19T21:30:03.836+0000] {manager.py:741} INFO - There are 0 files in /opt/airflow/dags
[2026-07-19T21:35:03.849+0000] {manager.py:738} INFO - Searching for files in /opt/airflow/dags
[2026-07-19T21:35:03.902+0000] {manager.py:741} INFO - There are 0 files in /opt/airflow/dags
[2026-07-19T21:40:04.064+0000] {manager.py:738} INFO - Searching for files in /opt/airflow/dags
[2026-07-19T21:40:04.136+0000] {manager.py:741} INFO - There are 0 files in /opt/airflow/dags
[2026-07-19T21:45:04.360+0000] {manager.py:738} INFO - Searching for files in /opt/airflow/dags
[2026-07-19T21:45:04.428+0000] {manager.py:741} INFO - There are 0 files in /opt/airflow/dags
[2026-07-19T21:50:04.538+0000] {manager.py:738} INFO - Searching for files in /opt/airflow/dags
[2026-07-19T21:50:04.601+0000] {manager.py:741} INFO - There are 0 files in /opt/airflow/dags
[2026-07-19T21:55:04.994+0000] {manager.py:738} INFO - Searching for files in /opt/airflow/dags
[2026-07-19T21:55:05.064+0000] {manager.py:741} INFO - There are 0 files in /opt/airflow/dags
[2026-07-19T22:00:05.588+0000] {manager.py:738} INFO - Searching for files in /opt/airflow/dags
[2026-07-19T22:00:05.654+0000] {manager.py:741} INFO - There are 0 files in /opt/airflow/dags
[2026-07-19T22:23:05.182+0000] {manager.py:738} INFO - Searching for files in /opt/airflow/dags
[2026-07-19T22:23:05.561+0000] {manager.py:741} INFO - There are 0 files in /opt/airflow/dags
[2026-07-20T06:31:07.483+0000] {manager.py:738} INFO - Searching for files in /opt/airflow/dags
[2026-07-20T06:31:08.317+0000] {manager.py:741} INFO - There are 0 files in /opt/airflow/dags
[2026-07-20T06:36:08.000+0000] {manager.py:738} INFO - Searching for files in /opt/airflow/dags
[2026-07-20T06:36:08.095+0000] {manager.py:741} INFO - There are 0 files in /opt/airflow/dags
[2026-07-20T06:41:08.701+0000] {manager.py:738} INFO - Searching for files in /opt/airflow/dags
[2026-07-20T06:41:08.769+0000] {manager.py:741} INFO - There are 0 files in /opt/airflow/dags
[2026-07-20T06:55:32.902+0000] {manager.py:738} INFO - Searching for files in /opt/airflow/dags
[2026-07-20T06:55:33.514+0000] {manager.py:741} INFO - There are 0 files in /opt/airflow/dags
[2026-07-21T16:26:28.616+0000] {manager.py:738} INFO - Searching for files in /opt/airflow/dags
[2026-07-21T16:26:28.936+0000] {manager.py:741} INFO - There are 0 files in /opt/airflow/dags
[2026-07-21T16:31:31.120+0000] {manager.py:738} INFO - Searching for files in /opt/airflow/dags
[2026-07-21T16:31:44.148+0000] {manager.py:741} INFO - There are 0 files in /opt/airflow/dags
[2026-07-21T16:36:28.951+0000] {manager.py:738} INFO - Searching for files in /opt/airflow/dags
[2026-07-21T16:36:28.998+0000] {manager.py:741} INFO - There are 0 files in /opt/airflow/dags
[2026-07-21T16:41:29.161+0000] {manager.py:738} INFO - Searching for files in /opt/airflow/dags
[2026-07-21T16:41:29.210+0000] {manager.py:741} INFO - There are 0 files in /opt/airflow/dags
[2026-07-21T16:46:29.370+0000] {manager.py:738} INFO - Searching for files in /opt/airflow/dags
[2026-07-21T16:46:29.412+0000] {manager.py:741} INFO - There are 0 files in /opt/airflow/dags
[2026-07-21T16:51:30.159+0000] {manager.py:738} INFO - Searching for files in /opt/airflow/dags
[2026-07-21T16:51:30.230+0000] {manager.py:741} INFO - There are 0 files in /opt/airflow/dags
[2026-07-21T16:56:30.209+0000] {manager.py:738} INFO - Searching for files in /opt/airflow/dags
[2026-07-21T16:56:30.278+0000] {manager.py:741} INFO - There are 0 files in /opt/airflow/dags
[2026-07-21T17:01:30.341+0000] {manager.py:738} INFO - Searching for files in /opt/airflow/dags
[2026-07-21T17:01:30.431+0000] {manager.py:741} INFO - There are 0 files in /opt/airflow/dags
[2026-07-21T17:06:30.914+0000] {manager.py:738} INFO - Searching for files in /opt/airflow/dags
[2026-07-21T17:06:31.034+0000] {manager.py:741} INFO - There are 0 files in /opt/airflow/dags
[2026-07-21T17:15:20.900+0000] {manager.py:738} INFO - Searching for files in /opt/airflow/dags
[2026-07-21T17:15:21.780+0000] {manager.py:741} INFO - There are 0 files in /opt/airflow/dags
[2026-07-22T17:18:24.074+0000] {manager.py:738} INFO - Searching for files in /opt/airflow/dags
[2026-07-22T17:18:25.428+0000] {manager.py:741} INFO - There are 0 files in /opt/airflow/dags
[2026-07-22T17:23:24.089+0000] {manager.py:738} INFO - Searching for files in /opt/airflow/dags
[2026-07-22T17:23:24.220+0000] {manager.py:741} INFO - There are 0 files in /opt/airflow/dags
[2026-07-22T17:28:24.497+0000] {manager.py:738} INFO - Searching for files in /opt/airflow/dags
[2026-07-22T17:28:24.571+0000] {manager.py:741} INFO - There are 0 files in /opt/airflow/dags
[2026-07-22T17:33:24.945+0000] {manager.py:738} INFO - Searching for files in /opt/airflow/dags
[2026-07-22T17:33:25.020+0000] {manager.py:741} INFO - There are 0 files in /opt/airflow/dags
[2026-07-22T17:38:25.471+0000] {manager.py:738} INFO - Searching for files in /opt/airflow/dags
[2026-07-22T17:38:25.533+0000] {manager.py:741} INFO - There are 0 files in /opt/airflow/dags
[2026-07-22T17:43:26.065+0000] {manager.py:738} INFO - Searching for files in /opt/airflow/dags
[2026-07-22T17:43:26.137+0000] {manager.py:741} INFO - There are 0 files in /opt/airflow/dags
[2026-07-22T17:48:26.910+0000] {manager.py:738} INFO - Searching for files in /opt/airflow/dags
[2026-07-22T17:48:26.983+0000] {manager.py:741} INFO - There are 0 files in /opt/airflow/dags
[2026-07-22T17:53:27.569+0000] {manager.py:738} INFO - Searching for files in /opt/airflow/dags
[2026-07-22T17:53:27.623+0000] {manager.py:741} INFO - There are 0 files in /opt/airflow/dags
[2026-07-22T17:58:28.284+0000] {manager.py:738} INFO - Searching for files in /opt/airflow/dags
[2026-07-22T17:58:28.348+0000] {manager.py:741} INFO - There are 0 files in /opt/airflow/dags
[2026-07-22T18:03:29.226+0000] {manager.py:738} INFO - Searching for files in /opt/airflow/dags
[2026-07-22T18:03:29.253+0000] {manager.py:741} INFO - There are 0 files in /opt/airflow/dags
[2026-07-22T18:08:29.441+0000] {manager.py:738} INFO - Searching for files in /opt/airflow/dags
[2026-07-22T18:08:29.492+0000] {manager.py:741} INFO - There are 0 files in /opt/airflow/dags
[2026-07-22T18:13:29.997+0000] {manager.py:738} INFO - Searching for files in /opt/airflow/dags
[2026-07-22T18:13:30.024+0000] {manager.py:741} INFO - There are 0 files in /opt/airflow/dags
[2026-07-22T18:40:57.542+0000] {manager.py:738} INFO - Searching for files in /opt/airflow/dags
[2026-07-22T18:40:58.028+0000] {manager.py:741} INFO - There are 0 files in /opt/airflow/dags
[2026-07-22T18:40:58.164+0000] {manager.py:451} INFO - Exiting gracefully upon receiving signal 15
[2026-07-22T18:41:21.002+0000] {manager.py:469} INFO - Processing files using up to 2 processes at a time 
[2026-07-22T18:41:21.019+0000] {manager.py:470} INFO - Process each file at most once every 30 seconds
[2026-07-22T18:41:21.024+0000] {manager.py:471} INFO - Checking for new files in /opt/airflow/dags every 300 seconds
[2026-07-22T18:41:21.031+0000] {manager.py:738} INFO - Searching for files in /opt/airflow/dags
[2026-07-22T18:41:21.085+0000] {manager.py:741} INFO - There are 0 files in /opt/airflow/dags
[2026-07-22T18:46:21.598+0000] {manager.py:738} INFO - Searching for files in /opt/airflow/dags
[2026-07-22T18:46:21.702+0000] {manager.py:741} INFO - There are 0 files in /opt/airflow/dags
[2026-07-22T19:12:28.098+0000] {manager.py:738} INFO - Searching for files in /opt/airflow/dags
[2026-07-22T19:12:28.199+0000] {manager.py:741} INFO - There are 0 files in /opt/airflow/dags
[2026-07-23T06:58:44.553+0000] {manager.py:738} INFO - Searching for files in /opt/airflow/dags
[2026-07-23T06:58:45.587+0000] {manager.py:741} INFO - There are 0 files in /opt/airflow/dags
[2026-07-23T07:03:45.062+0000] {manager.py:738} INFO - Searching for files in /opt/airflow/dags
[2026-07-23T07:03:45.220+0000] {manager.py:741} INFO - There are 0 files in /opt/airflow/dags
[2026-07-23T07:08:45.326+0000] {manager.py:738} INFO - Searching for files in /opt/airflow/dags
[2026-07-23T07:08:45.362+0000] {manager.py:741} INFO - There are 0 files in /opt/airflow/dags
[2026-07-23T07:13:45.490+0000] {manager.py:738} INFO - Searching for files in /opt/airflow/dags
[2026-07-23T07:13:45.547+0000] {manager.py:741} INFO - There are 0 files in /opt/airflow/dags
[2026-07-23T07:38:43.111+0000] {manager.py:738} INFO - Searching for files in /opt/airflow/dags
[2026-07-23T07:38:43.475+0000] {manager.py:741} INFO - There are 0 files in /opt/airflow/dags
[2026-07-23T17:09:42.009+0000] {manager.py:738} INFO - Searching for files in /opt/airflow/dags
[2026-07-23T17:09:42.114+0000] {manager.py:741} INFO - There are 0 files in /opt/airflow/dags
[2026-07-23T17:14:42.941+0000] {manager.py:738} INFO - Searching for files in /opt/airflow/dags
[2026-07-23T17:14:43.125+0000] {manager.py:741} INFO - There are 0 files in /opt/airflow/dags
[2026-07-23T17:19:43.383+0000] {manager.py:738} INFO - Searching for files in /opt/airflow/dags
[2026-07-23T17:19:43.456+0000] {manager.py:741} INFO - There are 0 files in /opt/airflow/dags
[2026-07-23T17:24:44.293+0000] {manager.py:738} INFO - Searching for files in /opt/airflow/dags
[2026-07-23T17:24:44.399+0000] {manager.py:741} INFO - There are 0 files in /opt/airflow/dags
[2026-07-23T17:29:44.532+0000] {manager.py:738} INFO - Searching for files in /opt/airflow/dags
[2026-07-23T17:29:44.608+0000] {manager.py:741} INFO - There are 0 files in /opt/airflow/dags
[2026-07-23T17:34:44.941+0000] {manager.py:738} INFO - Searching for files in /opt/airflow/dags
[2026-07-23T17:34:45.007+0000] {manager.py:741} INFO - There are 0 files in /opt/airflow/dags
[2026-07-23T17:39:45.181+0000] {manager.py:738} INFO - Searching for files in /opt/airflow/dags
[2026-07-23T17:39:45.265+0000] {manager.py:741} INFO - There are 0 files in /opt/airflow/dags
[2026-07-23T17:44:45.816+0000] {manager.py:738} INFO - Searching for files in /opt/airflow/dags
[2026-07-23T17:44:45.888+0000] {manager.py:741} INFO - There are 0 files in /opt/airflow/dags
[2026-07-23T17:49:46.503+0000] {manager.py:738} INFO - Searching for files in /opt/airflow/dags
[2026-07-23T17:49:46.593+0000] {manager.py:741} INFO - There are 0 files in /opt/airflow/dags
[2026-07-23T17:54:47.055+0000] {manager.py:738} INFO - Searching for files in /opt/airflow/dags
[2026-07-23T17:54:47.362+0000] {manager.py:741} INFO - There are 0 files in /opt/airflow/dags
[2026-07-23T17:59:47.064+0000] {manager.py:738} INFO - Searching for files in /opt/airflow/dags
[2026-07-23T17:59:47.174+0000] {manager.py:741} INFO - There are 0 files in /opt/airflow/dags
[2026-07-23T18:04:47.488+0000] {manager.py:738} INFO - Searching for files in /opt/airflow/dags
[2026-07-23T18:04:47.589+0000] {manager.py:741} INFO - There are 0 files in /opt/airflow/dags
[2026-07-23T18:09:47.749+0000] {manager.py:738} INFO - Searching for files in /opt/airflow/dags
[2026-07-23T18:09:47.919+0000] {manager.py:741} INFO - There are 0 files in /opt/airflow/dags
[2026-07-23T18:14:48.473+0000] {manager.py:738} INFO - Searching for files in /opt/airflow/dags
[2026-07-23T18:14:48.744+0000] {manager.py:741} INFO - There are 0 files in /opt/airflow/dags
[2026-07-23T18:19:48.681+0000] {manager.py:738} INFO - Searching for files in /opt/airflow/dags
[2026-07-23T18:19:50.301+0000] {manager.py:741} INFO - There are 0 files in /opt/airflow/dags
[2026-07-23T18:24:50.016+0000] {manager.py:738} INFO - Searching for files in /opt/airflow/dags
[2026-07-23T18:24:51.476+0000] {manager.py:741} INFO - There are 0 files in /opt/airflow/dags
[2026-07-24T05:35:52.477+0000] {manager.py:738} INFO - Searching for files in /opt/airflow/dags
[2026-07-24T05:35:52.974+0000] {manager.py:741} INFO - There are 0 files in /opt/airflow/dags
[2026-07-24T05:40:53.137+0000] {manager.py:738} INFO - Searching for files in /opt/airflow/dags
[2026-07-24T05:40:53.290+0000] {manager.py:741} INFO - There are 0 files in /opt/airflow/dags
[2026-07-24T05:45:53.532+0000] {manager.py:738} INFO - Searching for files in /opt/airflow/dags
[2026-07-24T05:45:53.598+0000] {manager.py:741} INFO - There are 0 files in /opt/airflow/dags
[2026-07-24T05:50:53.796+0000] {manager.py:738} INFO - Searching for files in /opt/airflow/dags
[2026-07-24T05:50:53.868+0000] {manager.py:741} INFO - There are 0 files in /opt/airflow/dags
[2026-07-24T05:55:54.026+0000] {manager.py:738} INFO - Searching for files in /opt/airflow/dags
[2026-07-24T05:55:54.093+0000] {manager.py:741} INFO - There are 0 files in /opt/airflow/dags
[2026-07-24T06:00:54.272+0000] {manager.py:738} INFO - Searching for files in /opt/airflow/dags
[2026-07-24T06:00:54.351+0000] {manager.py:741} INFO - There are 0 files in /opt/airflow/dags
[2026-07-24T06:05:54.870+0000] {manager.py:738} INFO - Searching for files in /opt/airflow/dags
[2026-07-24T06:05:54.914+0000] {manager.py:741} INFO - There are 0 files in /opt/airflow/dags
[2026-07-24T06:10:55.310+0000] {manager.py:738} INFO - Searching for files in /opt/airflow/dags
[2026-07-24T06:10:55.345+0000] {manager.py:741} INFO - There are 0 files in /opt/airflow/dags
[2026-07-24T06:15:55.730+0000] {manager.py:738} INFO - Searching for files in /opt/airflow/dags
[2026-07-24T06:15:55.820+0000] {manager.py:741} INFO - There are 0 files in /opt/airflow/dags
[2026-07-24T06:20:56.349+0000] {manager.py:738} INFO - Searching for files in /opt/airflow/dags
[2026-07-24T06:20:56.413+0000] {manager.py:741} INFO - There are 0 files in /opt/airflow/dags
[2026-07-24T06:25:57.112+0000] {manager.py:738} INFO - Searching for files in /opt/airflow/dags
[2026-07-24T06:25:57.170+0000] {manager.py:741} INFO - There are 0 files in /opt/airflow/dags
[2026-07-24T06:30:57.871+0000] {manager.py:738} INFO - Searching for files in /opt/airflow/dags
[2026-07-24T06:30:58.033+0000] {manager.py:741} INFO - There are 0 files in /opt/airflow/dags
[2026-07-24T06:35:58.279+0000] {manager.py:738} INFO - Searching for files in /opt/airflow/dags
[2026-07-24T06:35:58.327+0000] {manager.py:741} INFO - There are 0 files in /opt/airflow/dags
[2026-07-24T06:40:59.228+0000] {manager.py:738} INFO - Searching for files in /opt/airflow/dags
[2026-07-24T06:40:59.258+0000] {manager.py:741} INFO - There are 0 files in /opt/airflow/dags
[2026-07-24T06:45:59.237+0000] {manager.py:738} INFO - Searching for files in /opt/airflow/dags
[2026-07-24T06:45:59.273+0000] {manager.py:741} INFO - There are 0 files in /opt/airflow/dags
[2026-07-24T06:50:59.378+0000] {manager.py:738} INFO - Searching for files in /opt/airflow/dags
[2026-07-24T06:50:59.414+0000] {manager.py:741} INFO - There are 0 files in /opt/airflow/dags
[2026-07-24T06:55:59.616+0000] {manager.py:738} INFO - Searching for files in /opt/airflow/dags
[2026-07-24T06:55:59.650+0000] {manager.py:741} INFO - There are 0 files in /opt/airflow/dags
[2026-07-24T07:00:59.710+0000] {manager.py:738} INFO - Searching for files in /opt/airflow/dags
[2026-07-24T07:00:59.766+0000] {manager.py:741} INFO - There are 0 files in /opt/airflow/dags
[2026-07-24T07:26:16.936+0000] {manager.py:738} INFO - Searching for files in /opt/airflow/dags
[2026-07-24T07:26:17.374+0000] {manager.py:741} INFO - There are 0 files in /opt/airflow/dags
[2026-07-24T15:52:10.155+0000] {manager.py:738} INFO - Searching for files in /opt/airflow/dags
[2026-07-24T15:52:10.374+0000] {manager.py:741} INFO - There are 0 files in /opt/airflow/dags
[2026-07-24T15:57:10.813+0000] {manager.py:738} INFO - Searching for files in /opt/airflow/dags
[2026-07-24T15:57:10.969+0000] {manager.py:741} INFO - There are 0 files in /opt/airflow/dags
[2026-07-24T16:02:11.411+0000] {manager.py:738} INFO - Searching for files in /opt/airflow/dags
[2026-07-24T16:02:11.429+0000] {manager.py:741} INFO - There are 0 files in /opt/airflow/dags
[2026-07-24T16:07:11.701+0000] {manager.py:738} INFO - Searching for files in /opt/airflow/dags
[2026-07-24T16:07:11.723+0000] {manager.py:741} INFO - There are 0 files in /opt/airflow/dags
[2026-07-24T16:12:12.100+0000] {manager.py:738} INFO - Searching for files in /opt/airflow/dags
[2026-07-24T16:12:12.116+0000] {manager.py:741} INFO - There are 0 files in /opt/airflow/dags
[2026-07-24T16:17:12.576+0000] {manager.py:738} INFO - Searching for files in /opt/airflow/dags
[2026-07-24T16:17:12.589+0000] {manager.py:741} INFO - There are 0 files in /opt/airflow/dags
[2026-07-24T16:22:13.219+0000] {manager.py:738} INFO - Searching for files in /opt/airflow/dags
[2026-07-24T16:22:13.240+0000] {manager.py:741} INFO - There are 0 files in /opt/airflow/dags
[2026-07-24T16:27:14.131+0000] {manager.py:738} INFO - Searching for files in /opt/airflow/dags
[2026-07-24T16:27:14.140+0000] {manager.py:741} INFO - There are 0 files in /opt/airflow/dags
[2026-07-24T16:32:14.502+0000] {manager.py:738} INFO - Searching for files in /opt/airflow/dags
[2026-07-24T16:32:14.508+0000] {manager.py:741} INFO - There are 0 files in /opt/airflow/dags
[2026-07-24T16:37:14.929+0000] {manager.py:738} INFO - Searching for files in /opt/airflow/dags
[2026-07-24T16:37:14.932+0000] {manager.py:741} INFO - There are 0 files in /opt/airflow/dags
[2026-07-24T16:42:15.440+0000] {manager.py:738} INFO - Searching for files in /opt/airflow/dags
[2026-07-24T16:42:15.448+0000] {manager.py:741} INFO - There are 0 files in /opt/airflow/dags
[2026-07-24T16:47:16.032+0000] {manager.py:738} INFO - Searching for files in /opt/airflow/dags
[2026-07-24T16:47:16.049+0000] {manager.py:741} INFO - There are 0 files in /opt/airflow/dags
[2026-07-24T16:52:16.644+0000] {manager.py:738} INFO - Searching for files in /opt/airflow/dags
[2026-07-24T16:52:16.652+0000] {manager.py:741} INFO - There are 0 files in /opt/airflow/dags
[2026-07-24T16:57:17.285+0000] {manager.py:738} INFO - Searching for files in /opt/airflow/dags
[2026-07-24T16:57:17.294+0000] {manager.py:741} INFO - There are 0 files in /opt/airflow/dags
[2026-07-24T17:02:18.233+0000] {manager.py:738} INFO - Searching for files in /opt/airflow/dags
[2026-07-24T17:02:18.252+0000] {manager.py:741} INFO - There are 0 files in /opt/airflow/dags
[2026-07-24T17:07:18.283+0000] {manager.py:738} INFO - Searching for files in /opt/airflow/dags
[2026-07-24T17:07:18.286+0000] {manager.py:741} INFO - There are 0 files in /opt/airflow/dags
[2026-07-24T17:12:19.164+0000] {manager.py:738} INFO - Searching for files in /opt/airflow/dags
[2026-07-24T17:12:19.172+0000] {manager.py:741} INFO - There are 0 files in /opt/airflow/dags
[2026-07-24T17:17:19.364+0000] {manager.py:738} INFO - Searching for files in /opt/airflow/dags
[2026-07-24T17:17:19.376+0000] {manager.py:741} INFO - There are 0 files in /opt/airflow/dags
[2026-07-24T17:22:20.088+0000] {manager.py:738} INFO - Searching for files in /opt/airflow/dags
[2026-07-24T17:22:20.100+0000] {manager.py:741} INFO - There are 0 files in /opt/airflow/dags
[2026-07-24T17:27:20.673+0000] {manager.py:738} INFO - Searching for files in /opt/airflow/dags
[2026-07-24T17:27:20.710+0000] {manager.py:741} INFO - There are 0 files in /opt/airflow/dags
[2026-07-24T17:32:21.310+0000] {manager.py:738} INFO - Searching for files in /opt/airflow/dags
[2026-07-24T17:32:21.379+0000] {manager.py:741} INFO - There are 0 files in /opt/airflow/dags
[2026-07-24T17:37:21.978+0000] {manager.py:738} INFO - Searching for files in /opt/airflow/dags
[2026-07-24T17:37:21.996+0000] {manager.py:741} INFO - There are 0 files in /opt/airflow/dags
[2026-07-24T17:42:22.794+0000] {manager.py:738} INFO - Searching for files in /opt/airflow/dags
[2026-07-24T17:42:22.814+0000] {manager.py:741} INFO - There are 0 files in /opt/airflow/dags
[2026-07-24T17:47:22.818+0000] {manager.py:738} INFO - Searching for files in /opt/airflow/dags
[2026-07-24T17:47:22.846+0000] {manager.py:741} INFO - There are 0 files in /opt/airflow/dags
[2026-07-24T17:52:22.970+0000] {manager.py:738} INFO - Searching for files in /opt/airflow/dags
[2026-07-24T17:52:22.996+0000] {manager.py:741} INFO - There are 0 files in /opt/airflow/dags
[2026-07-24T17:57:23.136+0000] {manager.py:738} INFO - Searching for files in /opt/airflow/dags
[2026-07-24T17:57:23.163+0000] {manager.py:741} INFO - There are 0 files in /opt/airflow/dags
[2026-07-24T18:02:23.154+0000] {manager.py:738} INFO - Searching for files in /opt/airflow/dags
[2026-07-24T18:02:23.212+0000] {manager.py:741} INFO - There are 0 files in /opt/airflow/dags
[2026-07-24T18:07:23.514+0000] {manager.py:738} INFO - Searching for files in /opt/airflow/dags
[2026-07-24T18:07:23.533+0000] {manager.py:741} INFO - There are 0 files in /opt/airflow/dags
[2026-07-24T18:12:23.958+0000] {manager.py:738} INFO - Searching for files in /opt/airflow/dags
[2026-07-24T18:12:23.988+0000] {manager.py:741} INFO - There are 0 files in /opt/airflow/dags
[2026-07-24T18:17:24.545+0000] {manager.py:738} INFO - Searching for files in /opt/airflow/dags
[2026-07-24T18:17:24.595+0000] {manager.py:741} INFO - There are 0 files in /opt/airflow/dags
[2026-07-24T18:22:24.883+0000] {manager.py:738} INFO - Searching for files in /opt/airflow/dags
[2026-07-24T18:22:24.995+0000] {manager.py:741} INFO - There are 0 files in /opt/airflow/dags
[2026-07-24T18:27:25.180+0000] {manager.py:738} INFO - Searching for files in /opt/airflow/dags
[2026-07-24T18:27:25.219+0000] {manager.py:741} INFO - There are 0 files in /opt/airflow/dags
[2026-07-24T18:32:25.501+0000] {manager.py:738} INFO - Searching for files in /opt/airflow/dags
[2026-07-24T18:32:25.557+0000] {manager.py:741} INFO - There are 0 files in /opt/airflow/dags
[2026-07-24T18:37:26.437+0000] {manager.py:738} INFO - Searching for files in /opt/airflow/dags
[2026-07-24T18:37:26.468+0000] {manager.py:741} INFO - There are 0 files in /opt/airflow/dags
[2026-07-24T22:00:37.879+0000] {manager.py:738} INFO - Searching for files in /opt/airflow/dags
[2026-07-24T22:00:38.718+0000] {manager.py:741} INFO - There are 0 files in /opt/airflow/dags
[2026-07-25T15:09:07.142+0000] {manager.py:738} INFO - Searching for files in /opt/airflow/dags
[2026-07-25T15:09:09.851+0000] {manager.py:741} INFO - There are 0 files in /opt/airflow/dags
[2026-07-25T15:14:07.306+0000] {manager.py:738} INFO - Searching for files in /opt/airflow/dags
[2026-07-25T15:14:07.844+0000] {manager.py:741} INFO - There are 0 files in /opt/airflow/dags
[2026-07-25T15:19:07.924+0000] {manager.py:738} INFO - Searching for files in /opt/airflow/dags
[2026-07-25T15:19:08.009+0000] {manager.py:741} INFO - There are 0 files in /opt/airflow/dags
[2026-07-25T15:24:08.350+0000] {manager.py:738} INFO - Searching for files in /opt/airflow/dags
[2026-07-25T15:24:08.358+0000] {manager.py:741} INFO - There are 0 files in /opt/airflow/dags
[2026-07-25T15:29:08.428+0000] {manager.py:738} INFO - Searching for files in /opt/airflow/dags
[2026-07-25T15:29:08.441+0000] {manager.py:741} INFO - There are 0 files in /opt/airflow/dags
[2026-07-25T15:34:08.939+0000] {manager.py:738} INFO - Searching for files in /opt/airflow/dags
[2026-07-25T15:34:08.962+0000] {manager.py:741} INFO - There are 0 files in /opt/airflow/dags
[2026-07-25T15:39:09.609+0000] {manager.py:738} INFO - Searching for files in /opt/airflow/dags
[2026-07-25T15:39:09.636+0000] {manager.py:741} INFO - There are 0 files in /opt/airflow/dags
[2026-07-25T15:44:09.858+0000] {manager.py:738} INFO - Searching for files in /opt/airflow/dags
[2026-07-25T15:44:09.896+0000] {manager.py:741} INFO - There are 0 files in /opt/airflow/dags
[2026-07-25T15:49:09.898+0000] {manager.py:738} INFO - Searching for files in /opt/airflow/dags
[2026-07-25T15:49:09.937+0000] {manager.py:741} INFO - There are 0 files in /opt/airflow/dags
[2026-07-25T15:54:10.486+0000] {manager.py:738} INFO - Searching for files in /opt/airflow/dags
[2026-07-25T15:54:10.546+0000] {manager.py:741} INFO - There are 0 files in /opt/airflow/dags
[2026-07-25T15:59:11.833+0000] {manager.py:738} INFO - Searching for files in /opt/airflow/dags
[2026-07-25T15:59:12.233+0000] {manager.py:741} INFO - There are 0 files in /opt/airflow/dags
[2026-07-25T19:19:09.934+0000] {manager.py:738} INFO - Searching for files in /opt/airflow/dags
[2026-07-25T19:19:19.162+0000] {manager.py:741} INFO - There are 0 files in /opt/airflow/dags
[2026-07-25T19:24:09.755+0000] {manager.py:738} INFO - Searching for files in /opt/airflow/dags
[2026-07-25T19:24:09.817+0000] {manager.py:741} INFO - There are 0 files in /opt/airflow/dags
[2026-07-25T19:29:09.962+0000] {manager.py:738} INFO - Searching for files in /opt/airflow/dags
[2026-07-25T19:29:09.972+0000] {manager.py:741} INFO - There are 0 files in /opt/airflow/dags
[2026-07-25T19:34:10.157+0000] {manager.py:738} INFO - Searching for files in /opt/airflow/dags
[2026-07-25T19:34:10.173+0000] {manager.py:741} INFO - There are 0 files in /opt/airflow/dags
[2026-07-25T19:39:10.321+0000] {manager.py:738} INFO - Searching for files in /opt/airflow/dags
[2026-07-25T19:39:10.341+0000] {manager.py:741} INFO - There are 0 files in /opt/airflow/dags
[2026-07-25T19:44:10.542+0000] {manager.py:738} INFO - Searching for files in /opt/airflow/dags
[2026-07-25T19:44:10.559+0000] {manager.py:741} INFO - There are 0 files in /opt/airflow/dags
[2026-07-25T19:49:10.906+0000] {manager.py:738} INFO - Searching for files in /opt/airflow/dags
[2026-07-25T19:49:10.924+0000] {manager.py:741} INFO - There are 0 files in /opt/airflow/dags
[2026-07-25T19:54:11.092+0000] {manager.py:738} INFO - Searching for files in /opt/airflow/dags
[2026-07-25T19:54:11.105+0000] {manager.py:741} INFO - There are 0 files in /opt/airflow/dags
